Microsoft Windows [Version 10.0.19044.2728]
(c) Microsoft Corporation. All rights reserved.

C:\Users\user>git remote add origin https://github.com/besaasani/SI_2023_lab1_161543
error: remote origin already exists.

C:\Users\user>git init
Reinitialized existing Git repository in C:/Users/user/.git/

C:\Users\user>git branch bug1

C:\Users\user>git branch bug2

C:\Users\user>git branch bug3

C:\Users\user>git checkout branch1
error: pathspec 'branch1' did not match any file(s) known to git

C:\Users\user>git checkout bug1
Switched to branch 'bug1'

C:\Users\user>git add SILab1.java
fatal: pathspec 'SILab1.java' did not match any files

C:\Users\user>SIlab1
'SIlab1' is not recognized as an internal or external command,
operable program or batch file.

C:\Users\user>git add SILab.java
fatal: pathspec 'SILab.java' did not match any files

C:\Users\user>git add SILab1.java
fatal: pathspec 'SILab1.java' did not match any files

C:\Users\user>git branch
* bug1
  bug2
  bug3
  master

C:\Users\user>git checkout bug1
Already on 'bug1'

C:\Users\user>git add SILab1.java
fatal: pathspec 'SILab1.java' did not match any files

C:\Users\user>git add C:\Users\user\Desktop\SILab1.java

C:\Users\user>git commit -m "Fix wrong loop for reading"
[bug1 d5324d8] Fix wrong loop for reading
 1 file changed, 41 insertions(+)
 create mode 100644 Desktop/SILab1.java

C:\Users\user>git push origin bug1
Enumerating objects: 10, done.
Counting objects: 100% (10/10), done.
Delta compression using up to 4 threads
Compressing objects: 100% (5/5), done.
Writing objects: 100% (10/10), 1.09 KiB | 558.00 KiB/s, done.
Total 10 (delta 0), reused 0 (delta 0), pack-reused 0
remote:
remote: Create a pull request for 'bug1' on GitHub by visiting:
remote:      https://github.com/besaasani/SI_2023_lab1_161543/pull/new/bug1
remote:
To https://github.com/besaasani/SI_2023_lab1_161543
 * [new branch]      bug1 -> bug1

C:\Users\user>git checkout big2
error: pathspec 'big2' did not match any file(s) known to git

C:\Users\user>git checkout bug2
Switched to branch 'bug2'

C:\Users\user>big branch
'big' is not recognized as an internal or external command,
operable program or batch file.

C:\Users\user>git branch
  bug1
* bug2
  bug3
  master

C:\Users\user>git add SILab1.java
fatal: pathspec 'SILab1.java' did not match any files

C:\Users\user>git addC:\Users\user\Desktop\SILab1.java
git: 'addC:\Users\user\Desktop\SILab1.java' is not a git command. See 'git --help'.

C:\Users\user>git addC:\Users\user\Desktop\SILab1.java
git: 'addC:\Users\user\Desktop\SILab1.java' is not a git command. See 'git --help'.

C:\Users\user>git add SILab1.java
fatal: pathspec 'SILab1.java' did not match any files

C:\Users\user>git add C:\Users\user\Desktop\SILab1.java

C:\Users\user>git commit -m "Fix wrong condition in filterOddNumbers"
[bug2 fe2394e] Fix wrong condition in filterOddNumbers
 1 file changed, 41 insertions(+)
 create mode 100644 Desktop/SILab1.java

C:\Users\user>git push origin bug2
Enumerating objects: 5, done.
Counting objects: 100% (5/5), done.
Delta compression using up to 4 threads
Compressing objects: 100% (3/3), done.
Writing objects: 100% (4/4), 695 bytes | 695.00 KiB/s, done.
Total 4 (delta 0), reused 0 (delta 0), pack-reused 0
remote:
remote: Create a pull request for 'bug2' on GitHub by visiting:
remote:      https://github.com/besaasani/SI_2023_lab1_161543/pull/new/bug2
remote:
To https://github.com/besaasani/SI_2023_lab1_161543
 * [new branch]      bug2 -> bug2

C:\Users\user>git checkout bug3
Switched to branch 'bug3'

C:\Users\user>git branch
  bug1
  bug2
* bug3
  master

C:\Users\user>add C:\Users\user\Desktop\SILab.java.java
'add' is not recognized as an internal or external command,
operable program or batch file.

C:\Users\user>git add C:\Users\user\Desktop\SILab.java.java

C:\Users\user>git commit -m "Fix method sumEvenNumbers"
[bug3 c746aaf] Fix method sumEvenNumbers
 1 file changed, 41 insertions(+)
 create mode 100644 Desktop/SILab.java.java

C:\Users\user>git push origin bug3
Enumerating objects: 5, done.
Counting objects: 100% (5/5), done.
Delta compression using up to 4 threads
Compressing objects: 100% (3/3), done.
Writing objects: 100% (4/4), 678 bytes | 678.00 KiB/s, done.
Total 4 (delta 0), reused 0 (delta 0), pack-reused 0
remote:
remote: Create a pull request for 'bug3' on GitHub by visiting:
remote:      https://github.com/besaasani/SI_2023_lab1_161543/pull/new/bug3
remote:
To https://github.com/besaasani/SI_2023_lab1_161543
 * [new branch]      bug3 -> bug3

C:\Users\user>git checkout master
Switched to branch 'master'

C:\Users\user>git branch
  bug1
  bug2
  bug3
* master

C:\Users\user>notepad log.txt


